// Jest Snapshot v1, https://goo.gl/fbAQLP

exports[`Test for Body component should render correctly 1`] = `
<Switch>
  <Route
    component={[Function]}
    exact={true}
    path="/"
  />
  <Route
    component={[Function]}
    exact={true}
    path="/add-recipe"
  />
  <Route
    component={[Function]}
    exact={true}
    path="/profile"
  />
  <Route
    component={[Function]}
    exact={true}
    path="/favourites"
  />
  <Route
    component={[Function]}
    exact={true}
    path="/user/recipes"
  />
  <Route
    component={[Function]}
    exact={true}
    path="/recipe/:recipeId"
  />
  <Route
    component={[Function]}
    exact={true}
    path="/search"
  />
  <Route
    component={[Function]}
    exact={true}
    path="/recipe/edit/:recipeId"
  />
  <Route
    component={[Function]}
    exact={true}
    path="/user/password-reset/:token"
  />
  <Route
    component={[Function]}
  />
</Switch>
`;
