// Jest Snapshot v1, https://goo.gl/fbAQLP

exports[`ChangePassword component should render correctly 1`] = `
<div>
  <br />
  <div
    className="container"
  >
    <div
      className="row"
    >
      <div
        className="col-md-4 col-sm-4 col-lg-4"
      />
      <div
        className="col-md-4 col-sm-4 col-lg-4 change-password"
      >
        <form
          className="form-group"
          onSubmit={[Function]}
        >
          <div
            className="container reset-password-container mt-7 mb-7"
          >
            <div
              className=""
            >
              <label
                htmlFor="password"
              >
                Enter Password
              </label>
              <input
                className="form-control reset-password mb-2"
                id="password"
                name="password"
                onChange={[Function]}
                placeholder="Password"
                type="password"
                value=""
              />
            </div>
            <br />
            <div>
              <label
                htmlFor="confirmPassword"
              >
                Confirm Password
              </label>
              <input
                className="form-control reset-password mb-2"
                id="confirmPassword"
                name="confirmPassword"
                onChange={[Function]}
                placeholder="Confirm password"
                type="password"
                value=""
              />
            </div>
            <br />
            <div>
              <button
                className="btn btn-primary reset-password mb-2"
                id="reset-password-button"
                onClick={[Function]}
              >
                Reset Password 
              </button>
            </div>
          </div>
        </form>
      </div>
      <div
        className="col-md-4 col-xs-8 col-sm-4 col-lg-4"
      />
    </div>
  </div>
  <Footer />
</div>
`;
