// Jest Snapshot v1, https://goo.gl/fbAQLP

exports[`ErrorBoundary component should call componentDidCatch() if error occurs 1`] = `
<div>
  <br />
  <div
    className="container"
  >
    <h3>
      An Error has ocurred. Please try again later
    </h3>
  </div>
  <Footer />
</div>
`;

exports[`ErrorBoundary component should render correctly 1`] = `undefined`;
