// Jest Snapshot v1, https://goo.gl/fbAQLP

exports[`PasswordRecoveryForm component should render correctly 1`] = `
<div
  className="container"
>
  <div
    className="recover-password"
  >
    <form
      className="form-group"
    >
      <input
        className="form-control"
        id="email"
        name="email"
        onChange={[Function]}
        placeholder="Type in your registered email"
        required={true}
        type="email"
        value=""
      />
      <br />
      <button
        className="btn"
        id="recover-password-button"
        onClick={[Function]}
      >
        Recover password
      </button>
      <br />
      <div>
        <small>
          <h6
            id="proceed-to-login"
          >
            <br />
            <Link
              id="login-link"
              onClick={[Function]}
              replace={false}
              role="presentation"
              to="#"
            >
              Proceed to log in
            </Link>
          </h6>
        </small>
      </div>
    </form>
  </div>
</div>
`;

exports[`onToggleLogin() should work when clicked 1`] = `
<div
  className="container"
>
  <div
    className="recover-password"
  >
    <form
      className="form-group"
    >
      <input
        className="form-control"
        id="email"
        name="email"
        onChange={[Function]}
        placeholder="Type in your registered email"
        required={true}
        type="email"
        value=""
      />
      <br />
      <button
        className="btn"
        id="recover-password-button"
        onClick={[Function]}
      >
        Recover password
      </button>
      <br />
      <div>
        <small>
          <h6
            id="proceed-to-login"
          >
            <br />
            <Link
              id="login-link"
              onClick={[Function]}
              replace={false}
              role="presentation"
              to="#"
            >
              Proceed to log in
            </Link>
          </h6>
        </small>
      </div>
    </form>
  </div>
</div>
`;
