// Jest Snapshot v1, https://goo.gl/fbAQLP

exports[`RecipeItem component should render correctly 1`] = `
<Provider
  store={
    Object {
      "dispatch": [Function],
      "getState": [Function],
      "replaceReducer": [Function],
      "subscribe": [Function],
      Symbol(observable): [Function],
    }
  }
>
  <BrowserRouter>
    <Router
      history={
        Object {
          "action": "POP",
          "block": [Function],
          "createHref": [Function],
          "go": [Function],
          "goBack": [Function],
          "goForward": [Function],
          "length": 1,
          "listen": [Function],
          "location": Object {
            "hash": "",
            "pathname": "blank",
            "search": "",
            "state": undefined,
          },
          "push": [Function],
          "replace": [Function],
        }
      }
    >
      <RecipeItem
        authenticated={true}
        created={null}
        description="description"
        downvotes={1}
        favouriteCard="user"
        favourites={1}
        home={null}
        image="fakeimage.jpg"
        onDelete={null}
        owner="first name"
        recipeId={3}
        recipeName="name"
        removeRecipe={null}
        store={
          Object {
            "dispatch": [Function],
            "getState": [Function],
            "replaceReducer": [Function],
            "subscribe": [Function],
            Symbol(observable): [Function],
          }
        }
        upvotes={1}
        userRecipeCard="user"
        views={1}
      >
        <div
          className="stuff"
        >
          <div
            className="recipeCard container"
          >
            <Card
              tag="div"
            >
              <div
                className="card"
              >
                <CardBody
                  tag="div"
                >
                  <div
                    className="card-body"
                  >
                    <CardTitle
                      tag="h4"
                    >
                      <h4
                        className="card-title"
                      >
                        <img
                          alt="name"
                          className="img-thumbnail img-responsive"
                          height="100"
                          id="recipe-images"
                          src="fakeimage.jpg"
                          width="100"
                        />
                        <br />
                        <div
                          id="recipe-title"
                        >
                          <span
                            className="recipe-title text-left"
                          >
                            <Link
                              replace={false}
                              to="/recipe/3"
                            >
                              <a
                                href="/recipe/3"
                                onClick={[Function]}
                              >
                                 
                                Name
                                 
                              </a>
                            </Link>
                          </span>
                        </div>
                      </h4>
                    </CardTitle>
                    <h6
                      className="recipe-owner"
                    >
                      <i
                        className="fas fa-user-circle"
                      />
                       
                      first name
                    </h6>
                    <hr />
                    <CardText
                      tag="p"
                    >
                      <p
                        className="card-text"
                      >
                        <span
                          className="recipe-description text-left "
                        >
                          Description
                        </span>
                        <br />
                      </p>
                    </CardText>
                    <div
                      className="all-buttons text-left"
                    >
                      <div
                        className="btn-group"
                        role="group"
                      >
                        <button
                          className="btn btn-outline-danger"
                          disabled={true}
                          title="number of favourites"
                        >
                          <i
                            className="far fa-heart"
                          />
                          <span>
                             
                            1
                          </span>
                        </button>
                        <button
                          className="btn btn-outline-danger"
                          title="edit this recipe"
                          type="button"
                        >
                          <Link
                            replace={false}
                            to="/recipe/edit/3"
                          >
                            <a
                              href="/recipe/edit/3"
                              onClick={[Function]}
                            >
                               
                              <i
                                className="far fa-edit"
                              />
                               
                            </a>
                          </Link>
                        </button>
                        <button
                          className="btn btn-outline-danger"
                          id="remove-favourite"
                          onClick={[Function]}
                          title="remove from favourites"
                          type="button"
                        >
                          <i
                            className="fas fa-trash-alt"
                          />
                        </button>
                        <button
                          className="btn btn-outline-danger"
                          id="deleteRecipe"
                          onClick={[Function]}
                          title="delete this recipe"
                          type="button"
                        >
                          <i
                            className="fas fa-trash-alt"
                          />
                        </button>
                      </div>
                    </div>
                  </div>
                </CardBody>
              </div>
            </Card>
          </div>
        </div>
      </RecipeItem>
    </Router>
  </BrowserRouter>
</Provider>
`;
