// Jest Snapshot v1, https://goo.gl/fbAQLP

exports[`Search component should render correctly 1`] = `
<Provider
  store={
    Object {
      "dispatch": [Function],
      "getState": [Function],
      "replaceReducer": [Function],
      "subscribe": [Function],
      Symbol(observable): [Function],
    }
  }
>
  <BrowserRouter>
    <Router
      history={
        Object {
          "action": "POP",
          "block": [Function],
          "createHref": [Function],
          "go": [Function],
          "goBack": [Function],
          "goForward": [Function],
          "length": 1,
          "listen": [Function],
          "location": Object {
            "hash": "",
            "pathname": "blank",
            "search": "",
            "state": undefined,
          },
          "push": [Function],
          "replace": [Function],
        }
      }
    >
      <Search
        focus={false}
        history={
          Object {
            "push": [Function],
          }
        }
        search={[MockFunction]}
        store={
          Object {
            "dispatch": [Function],
            "getState": [Function],
            "replaceReducer": [Function],
            "subscribe": [Function],
            Symbol(observable): [Function],
          }
        }
      >
        <div
          className="container"
        >
          <div
            className="search-body"
          >
            <form
              onSubmit={[Function]}
            >
              <div
                className="input-group"
              >
                <span
                  id="search-intro"
                >
                   
                  <h5>
                    Find a recipe: 
                  </h5>
                    
                </span>
                <input
                  aria-label="Search for..."
                  autoFocus={false}
                  className="form-control"
                  id="search-box"
                  name="searchParam"
                  onChange={[Function]}
                  onFocus={[Function]}
                  placeholder="Search Recipe name or ingredient"
                  type="text"
                />
                <span
                  className="input-group-btn"
                >
                  <button
                    className="btn btn-danger"
                    type="submit"
                  >
                    <i
                      aria-hidden="true"
                      className="fa fa-search"
                    />
                  </button>
                </span>
              </div>
            </form>
          </div>
        </div>
      </Search>
    </Router>
  </BrowserRouter>
</Provider>
`;
