// Jest Snapshot v1, https://goo.gl/fbAQLP

exports[`Test for ViewReviews component should render correctly 1`] = `
<div
  className=""
>
  <div
    className="row"
  >
    <div
      className="col-xs-1 col-sm-1 col-md-1 col-lg-1"
    >
      <div
        className="reviewer-image"
      >
        <img
          alt=""
          className="rounded float-left img-fluid"
          id="reviewer-image"
          src=""
        />
      </div>
    </div>
    <div
      className="col-xs-10 col-sm-10 col-md-10 col-lg-10"
    >
      <div
        className="content text-left mb-5"
      >
        <h5
          className="reviewer-name"
        >
           
          <small>
             
             
             
          </small>
           
        </h5>
        <h6>
           
          <small>
             
          </small>
        </h6>
        <h6>
           
          <small
            id="review-date"
          >
             
          </small>
           
        </h6>
      </div>
    </div>
  </div>
</div>
`;
